14:27:45 **** Incremental Build of configuration Debug for project test_pwm_2 ****
make -j20 all 
arm-none-eabi-gcc -o "test_pwm_2.elf" @"objects.list"   -mcpu=cortex-m0plus -T"C:\Users\origane\OneDrive - m.titech.ac.jp\08_rogy\2023_MFT\programming\L010\test_pwm_2\STM32L010F4PX_FLASH.ld" --specs=nosys.specs -Wl,-Map="test_pwm_2.map" -Wl,--gc-sections -static --specs=nano.specs -mfloat-abi=soft -mthumb -Wl,--start-group -lc -lm -Wl,--end-group
Finished building target: test_pwm_2.elf
 
arm-none-eabi-size   test_pwm_2.elf 
arm-none-eabi-objdump -h -S  test_pwm_2.elf  > "test_pwm_2.list"
arm-none-eabi-objcopy  -O binary  test_pwm_2.elf  "test_pwm_2.bin"
   text	   data	    bss	    dec	    hex	filename
    824	     12	   1572	   2408	    968	test_pwm_2.elf
Finished building: default.size.stdout
 
Finished building: test_pwm_2.list
 
Finished building: test_pwm_2.bin
 

14:27:45 Build Finished. 0 errors, 0 warnings. (took 333ms)

