19:37:35 **** Incremental Build of configuration Debug for project Timer_Interrupt ****
make -j20 all 
arm-none-eabi-gcc "../Core/Src/main.c" -mcpu=cortex-m0plus -std=gnu11 -g3 -DDEBUG -DUSE_HAL_DRIVER -DSTM32L010x4 -c -I../Core/Inc -I../Drivers/STM32L0xx_HAL_Driver/Inc -I../Drivers/STM32L0xx_HAL_Driver/Inc/Legacy -I../Drivers/CMSIS/Device/ST/STM32L0xx/Include -I../Drivers/CMSIS/Include -O0 -ffunction-sections -fdata-sections -Wall -fstack-usage -fcyclomatic-complexity -MMD -MP -MF"Core/Src/main.d" -MT"Core/Src/main.o" --specs=nano.specs -mfloat-abi=soft -mthumb -o "Core/Src/main.o"
arm-none-eabi-gcc -o "Timer_Interrupt.elf" @"objects.list"   -mcpu=cortex-m0plus -T"C:\Users\origane\OneDrive - m.titech.ac.jp\08_rogy\2023_MFT\programming\L010\Timer_Interrupt\STM32L010F4PX_FLASH.ld" --specs=nosys.specs -Wl,-Map="Timer_Interrupt.map" -Wl,--gc-sections -static --specs=nano.specs -mfloat-abi=soft -mthumb -Wl,--start-group -lc -lm -Wl,--end-group
Finished building target: Timer_Interrupt.elf
 
arm-none-eabi-size   Timer_Interrupt.elf 
arm-none-eabi-objdump -h -S  Timer_Interrupt.elf  > "Timer_Interrupt.list"
arm-none-eabi-objcopy  -O binary  Timer_Interrupt.elf  "Timer_Interrupt.bin"
   text	   data	    bss	    dec	    hex	filename
   1092	     12	   1572	   2676	    a74	Timer_Interrupt.elf
Finished building: default.size.stdout
 
Finished building: Timer_Interrupt.bin
Finished building: Timer_Interrupt.list
 
 

19:37:35 Build Finished. 0 errors, 0 warnings. (took 383ms)

